// Jest Snapshot v1, https://goo.gl/fbAQLP

exports[`should render <ExpensesListItem/> correctly 1`] = `
<div
  className="expense-item"
>
  <Link
    replace={false}
    to="/edit/1"
  >
    <div
      className="expense-item__content"
    >
      <h3
        className="expense-item__title"
      >
        Rent
      </h3>
      <span
        className="expense-item__date"
      >
        1st January 1970
      </span>
    </div>
    <span
      className="expense-item__amount"
    >
      1,95 â‚¬
    </span>
  </Link>
</div>
`;
